// Jest Snapshot v1, https://goo.gl/fbAQLP

exports[`should match the snapshot 1`] = `
<b2b-tab aria-role="tab" id="b2b-tab-0" role="tab" tabindex="-1">
  <template shadowrootmode="open">
    <span class="b2b-tab">
      <slot></slot>
    </span>
  </template>
  Tab 1
</b2b-tab>
`;
