// Jest Snapshot v1, https://goo.gl/fbAQLP

exports[`should match the snapshot 1`] = `
<b2b-tab-panel id="b2b-tab-panel-0" role="tabpanel">
  <mock:shadow-root>
    <div class="b2b-tab-panel">
      <slot></slot>
    </div>
  </mock:shadow-root>
  Tab 1
</b2b-tab-panel>
`;
